C51 COMPILER V9.01   MAIN                                                                  04/11/2020 17:48:20 PAGE 1   


C51 COMPILER V9.01, COMPILATION OF MODULE MAIN
OBJECT MODULE PLACED IN ..\Output\main.obj
COMPILER INVOKED BY: C:\Keil\C51\BIN\C51.EXE ..\System\Src\main.c BROWSE INCDIR(..\Module\Inc;..\System\Inc) DEBUG OBJEC
                    -TEXTEND PRINT(.\main.lst) TABS(2) OBJECT(..\Output\main.obj)

line level    source

   1          /*
   2           * @Description: 
   3           * @version: 
   4           * @Author: Adol
   5           * @Date: 2020-04-11 16:40:39
   6           * @LastEditTime: 2020-04-11 17:47:48
   7           */
   8          #include "core.h"
   9          
  10          
  11          int main(void)
  12          {
  13   1          P3M1 = 0x80;
  14   1          P3M0 = 0x80;
  15   1          
  16   1          timer0_init();
  17   1          while (1) //主循环。
  18   1          {
  19   2              if (timer0_flag == 1)
  20   2              {
  21   3                  TR0 = 0;
  22   3                  PWM_Dimming(MODE_CHASE, COLOR_CHANGE_INTERVAL_NORMAL, 120);
  23   3                  timer0_flag = 0;
  24   3                  TR0 = 1;
  25   3              }
  26   2          }
  27   1      
  28   1          return 0;
  29   1      }
  30          
  31          
  32          
  33          
  34          
  35          
  36          
  37          
  38          
  39          
  40          
  41          
  42          
  43          
  44          
  45          
  46          
  47          
  48          
  49          
  50          
  51          //     WsDat_RUN4_R = 0;
  52          //     WsDat_RUN4_G = 0;
  53          //     WsDat_RUN4_B = 0;
  54              
C51 COMPILER V9.01   MAIN                                                                  04/11/2020 17:48:20 PAGE 2   

  55          // }
  56          


MODULE INFORMATION:   STATIC OVERLAYABLE
   CODE SIZE        =     32    ----
   CONSTANT SIZE    =   ----    ----
   XDATA SIZE       =   ----    ----
   PDATA SIZE       =   ----    ----
   DATA SIZE        =   ----    ----
   IDATA SIZE       =   ----    ----
   BIT SIZE         =   ----    ----
END OF MODULE INFORMATION.


C51 COMPILATION COMPLETE.  0 WARNING(S),  0 ERROR(S)
